// Jest Snapshot v1, https://goo.gl/fbAQLP

exports[`Component AnimeDataList snapshoot 1`] = `
{
  "asFragment": [Function],
  "baseElement": <body>
    <div>
      <div
        aria-hidden="true"
        class="col-md-6"
        data-testid="card-list-anime"
        style="cursor: pointer;"
      >
        <div
          class="row"
        >
          <div
            class="col-xs-6 col-sm-6 col-md-3 col-6"
          >
            <img
              alt="banner-anime"
              class="mb-2 img-fluid rounded"
              data-testid="image-list-anime"
              height="150px"
              src="https://cdn.myanimelist.net/images/anime/4/19644.jpg"
              width="150px"
            />
          </div>
          <div
            class="col-xs-6 col-sm-6 col-md-9 col-6"
          >
            <div>
              <h4
                data-testid="title-list-anime"
              >
                Cowboy Bebop
              </h4>
              <p
                data-testid="type-list-anime"
              >
                Type :
                 
                <span
                  class="badge bg-warning"
                >
                  TV
                </span>
              </p>
              <p
                data-testid="rating-list-anime"
              >
                Rating : 
                8.75
              </p>
              <p
                data-testid="rilis-list-anime"
              >
                Released on : 
                Apr 3, 1998 to Apr 24, 1999
              </p>
            </div>
          </div>
        </div>
      </div>
    </div>
  </body>,
  "container": <div>
    <div
      aria-hidden="true"
      class="col-md-6"
      data-testid="card-list-anime"
      style="cursor: pointer;"
    >
      <div
        class="row"
      >
        <div
          class="col-xs-6 col-sm-6 col-md-3 col-6"
        >
          <img
            alt="banner-anime"
            class="mb-2 img-fluid rounded"
            data-testid="image-list-anime"
            height="150px"
            src="https://cdn.myanimelist.net/images/anime/4/19644.jpg"
            width="150px"
          />
        </div>
        <div
          class="col-xs-6 col-sm-6 col-md-9 col-6"
        >
          <div>
            <h4
              data-testid="title-list-anime"
            >
              Cowboy Bebop
            </h4>
            <p
              data-testid="type-list-anime"
            >
              Type :
               
              <span
                class="badge bg-warning"
              >
                TV
              </span>
            </p>
            <p
              data-testid="rating-list-anime"
            >
              Rating : 
              8.75
            </p>
            <p
              data-testid="rilis-list-anime"
            >
              Released on : 
              Apr 3, 1998 to Apr 24, 1999
            </p>
          </div>
        </div>
      </div>
    </div>
  </div>,
  "debug": [Function],
  "findAllByAltText": [Function],
  "findAllByDisplayValue": [Function],
  "findAllByLabelText": [Function],
  "findAllByPlaceholderText": [Function],
  "findAllByRole": [Function],
  "findAllByTestId": [Function],
  "findAllByText": [Function],
  "findAllByTitle": [Function],
  "findByAltText": [Function],
  "findByDisplayValue": [Function],
  "findByLabelText": [Function],
  "findByPlaceholderText": [Function],
  "findByRole": [Function],
  "findByTestId": [Function],
  "findByText": [Function],
  "findByTitle": [Function],
  "getAllByAltText": [Function],
  "getAllByDisplayValue": [Function],
  "getAllByLabelText": [Function],
  "getAllByPlaceholderText": [Function],
  "getAllByRole": [Function],
  "getAllByTestId": [Function],
  "getAllByText": [Function],
  "getAllByTitle": [Function],
  "getByAltText": [Function],
  "getByDisplayValue": [Function],
  "getByLabelText": [Function],
  "getByPlaceholderText": [Function],
  "getByRole": [Function],
  "getByTestId": [Function],
  "getByText": [Function],
  "getByTitle": [Function],
  "queryAllByAltText": [Function],
  "queryAllByDisplayValue": [Function],
  "queryAllByLabelText": [Function],
  "queryAllByPlaceholderText": [Function],
  "queryAllByRole": [Function],
  "queryAllByTestId": [Function],
  "queryAllByText": [Function],
  "queryAllByTitle": [Function],
  "queryByAltText": [Function],
  "queryByDisplayValue": [Function],
  "queryByLabelText": [Function],
  "queryByPlaceholderText": [Function],
  "queryByRole": [Function],
  "queryByTestId": [Function],
  "queryByText": [Function],
  "queryByTitle": [Function],
  "rerender": [Function],
  "unmount": [Function],
}
`;
